// Jest Snapshot v1, https://goo.gl/fbAQLP

exports[`Overview page renders 1`] = `
<section>
  <div class="sg-content-editor editor-content"><a href="https://github.immediate.co.uk/WCP/patchwork/edit/develop/content/overview.md" target="_blank" class="sg-content-editor__link">
      Edit on GitHub
    </a>
    <div class="mt-md">Mock content</div>
  </div>
</section>
`;
